[www.haxz.xyz/index.html]
[www.haxz.xyz/_next/static/media/211ec60062daca5e-s.p.woff2]
[www.haxz.xyz/_next/static/media/4473ecc91f70f139-s.p.woff]
[www.haxz.xyz/_next/static/media/463dafcda517f24f-s.p.woff]
[www.haxz.xyz/_next/static/css/c005a3554273a666.css]
[www.haxz.xyz/_next/static/chunks/webpack-55d3b0a844d4e2e8.js]
[www.haxz.xyz/_next/static/chunks/fd9d1056-db232f7b95b1626a.js]
[www.haxz.xyz/_next/static/chunks/117-85e0ee434f62fc7e.js]
[www.haxz.xyz/_next/static/chunks/main-app-2dcde4753ea0d175.js]
[www.haxz.xyz/_next/static/chunks/878-d68103a5f8ca9fd6.js]
[www.haxz.xyz/_next/static/chunks/app/page-9ed33cae14cfff92.js]
[www.haxz.xyz/_next/static/chunks/81-5c515911918bd050.js]
[backblue.gif]
[fade.gif]
[index.html]
[www.haxz.xyz/_next/static/chunks/app/layout-8e7dabebb57c6e56.js]
[www.haxz.xyz/favicon.ico]
[www.haxz.xyz/_next/static/chunks/polyfills-42372ed130431b0a.js]
[www.haxz.xyz/home-icon.svg]
[www.haxz.xyz/staking-icon.svg]
[www.haxz.xyz/collections-icon.svg]
[www.haxz.xyz/terminal-icon.svg]
[www.haxz.xyz/ping-pong-icon.svg]
[www.haxz.xyz/jackpot.html]
[www.haxz.xyz/jackpot-icon.svg]
[www.haxz.xyz/images/home-banner/logo-haxs.svg]
[www.haxz.xyz/images/home-banner/instagram-icon.svg]
[www.haxz.xyz/images/home-banner/buy-icon.svg]
[www.haxz.xyz/_next/banner9552.png]
[www.haxz.xyz/images/home-banner/discord-icon.svg]
[www.haxz.xyz/_next/collectionBannerImage1cc9.png]
[www.haxz.xyz/_next/static/media/terminal.2d80dec7.gif]
[www.haxz.xyz/_next/static/media/binary.8d230c5c.svg]
[www.haxz.xyz/_next/static/media/homefooterimg.b81718a9.svg]
[www.haxz.xyz/logo.svg]
[www.haxz.xyz/index.html]
[www.haxz.xyz/images/stats-section/statsBg.svg]
[www.haxz.xyz/_next/static/media/251e149ca010d5da-s.woff2]
[www.haxz.xyz/_next/static/media/cf69413771fb01ef-s.woff2]
[www.haxz.xyz/_next/static/media/1f5fbcf700fc09b6-s.woff2]
[www.haxz.xyz/_next/static/media/5f1ebf9b8cb43d69-s.woff2]
[www.haxz.xyz/_next/static/media/f00af1e4098e27d1-s.woff2]
[www.haxz.xyz/_next/static/css/c005a3554273a666.css]
[www.haxz.xyz/home-icon.svg]
[www.haxz.xyz/staking-icon.svg]
[www.haxz.xyz/collections-icon.svg]
[www.haxz.xyz/terminal-icon.svg]
[www.haxz.xyz/ping-pong-icon.svg]
[www.haxz.xyz/_next/static/chunks/app/jackpot/page-0a180018e75163b1.js]
[www.haxz.xyz/_next/banner-jpf97e.png]
[www.haxz.xyz/_next/small-jp674b.png]
[www.haxz.xyz/jackpot.html]
[www.haxz.xyz/jackpot-icon.svg]
[www.haxz.xyz/images/home-banner/logo-haxs.svg]
[www.haxz.xyz/images/home-banner/instagram-icon.svg]
[www.haxz.xyz/images/home-banner/twitter-icon.svg]
[www.haxz.xyz/images/home-banner/buy-icon.svg]
[www.haxz.xyz/images/home-banner/discord-icon.svg]
[www.haxz.xyz/images/home-banner/twitter-x-icon.svg]
[www.haxz.xyz/images/home-banner/vertical-divider.svg]
[www.haxz.xyz/_next/static/media/binary.8d230c5c.svg]
[www.haxz.xyz/_next/static/media/homefooterimg.b81718a9.svg]
[www.haxz.xyz/logo.svg]
[www.haxz.xyz/images/stats-section/statsBg.svg]
